issue #4 shared synchronization prepared
issue #4 shared synchronization and local review-mode correction prepared
wrote research/CLAIM_LEDGER.md
wrote research/PROOF_GRAPH.md
wrote research/WORK_QUEUE.md
wrote research/ISSUE_INDEX.md
wrote research/LEGACY_CLAIM_MIGRATION.md
wrote STATUS.md
source-reflexive-lattice residue checks: PASS
exact assertions: 1538
scientific authority: NOT INFERRED FROM CHECK COUNT
source-reflexive-lattice filtration/symplectic checks: PASS
exact assertions: 70
planar polynomial Keller counterexample constructed: NO
source-reflexive-lattice aggregate validation: PASS
generated views: PASS (6 files)
claims: 66
reviewed-scoped claims: 6
graph nodes: 35
graph edges: 53
open queue leaves: 12
recorded leaf dispositions: 2
errors: 0
warnings: 2
WARNING: archive conversation-a is metadata_only; declared source hashes are not reproducible
WARNING: archive conversation-b is metadata_only; declared source hashes are not reproducible
repository structure: PASS
prose/JSON generated-view consistency: PASS
proof-graph dependency and artifact closure: PASS
internal Markdown links: PASS
mathematical truth: NOT EVALUATED
